2025-04-04 04:56:38.916694 - Received CBT.V508.FILE137.PDS from FILE137.XMI 
2025-04-04 04:56:38.919512 - Found $$$$READ.txt (text/plain) in CBT.V508.FILE137.PDS, moved to PDS/$$$$READ
2025-04-04 04:56:38.919669 - Found $$$#DATE.txt (text/plain) in CBT.V508.FILE137.PDS, moved to PDS/$$$#DATE
2025-04-04 04:56:38.919838 - Found $$$DESC.txt (text/plain) in CBT.V508.FILE137.PDS, moved to PDS/$$$DESC
2025-04-04 04:56:38.919997 - Found $$$MEMBS.txt (text/plain) in CBT.V508.FILE137.PDS, moved to PDS/$$$MEMBS
2025-04-04 04:56:38.920154 - Found $$BATCH.docx (application/vnd.openxmlformats-officedocument.wordprocessingml.document) in CBT.V508.FILE137.PDS, moved to docs/$$BATCH.docx
2025-04-04 04:56:38.920295 - Found $$INSTAL.docx (application/vnd.openxmlformats-officedocument.wordprocessingml.document) in CBT.V508.FILE137.PDS, moved to docs/$$INSTAL.docx
2025-04-04 04:56:38.920424 - Found $$NOTE01.txt (text/plain) in CBT.V508.FILE137.PDS, moved to PDS/$$NOTE01
2025-04-04 04:56:38.920617 - Found $$REPORT.docx (application/vnd.openxmlformats-officedocument.wordprocessingml.document) in CBT.V508.FILE137.PDS, moved to docs/$$REPORT.docx
2025-04-04 04:56:38.920855 - Found $$REPT.docx (application/vnd.openxmlformats-officedocument.wordprocessingml.document) in CBT.V508.FILE137.PDS, moved to docs/$$REPT.docx
2025-04-04 04:56:38.921034 - Found $$RFILE.docx (application/vnd.openxmlformats-officedocument.wordprocessingml.document) in CBT.V508.FILE137.PDS, moved to docs/$$RFILE.docx
2025-04-04 04:56:38.921310 - Found $LOADLIB.xmi (application/xmit) in CBT.V508.FILE137.PDS, moved to PDS/$LOADLIB.xmi
2025-04-04 04:56:38.961491 - Received SBGOLOB.FENWICK.FILE137.LOAD from $LOADLIB.xmi 
2025-04-04 04:56:38.962111 - Found CICSRP01.bin (application/octet-stream) in SBGOLOB.FENWICK.FILE137.LOAD, moved to $LOADLIB/CICSRP01
2025-04-04 04:56:38.962243 - Found CICSRP02.bin (application/octet-stream) in SBGOLOB.FENWICK.FILE137.LOAD, moved to $LOADLIB/CICSRP02
2025-04-04 04:56:38.962370 - Found CICSRP03.bin (application/octet-stream) in SBGOLOB.FENWICK.FILE137.LOAD, moved to $LOADLIB/CICSRP03
2025-04-04 04:56:38.962504 - Found REPTS10.bin (application/octet-stream) in SBGOLOB.FENWICK.FILE137.LOAD, moved to $LOADLIB/REPTS10
2025-04-04 04:56:38.962648 - Found REPT015.bin (application/octet-stream) in SBGOLOB.FENWICK.FILE137.LOAD, moved to $LOADLIB/REPT015
2025-04-04 04:56:38.962765 - Found REPT020.bin (application/octet-stream) in SBGOLOB.FENWICK.FILE137.LOAD, moved to $LOADLIB/REPT020
2025-04-04 04:56:38.962911 - Found REPT025.bin (application/octet-stream) in SBGOLOB.FENWICK.FILE137.LOAD, moved to $LOADLIB/REPT025
2025-04-04 04:56:38.963027 - Found REPT026.bin (application/octet-stream) in SBGOLOB.FENWICK.FILE137.LOAD, moved to $LOADLIB/REPT026
2025-04-04 04:56:38.963147 - Found REPT027.bin (application/octet-stream) in SBGOLOB.FENWICK.FILE137.LOAD, moved to $LOADLIB/REPT027
2025-04-04 04:56:38.963268 - Found REPT028.bin (application/octet-stream) in SBGOLOB.FENWICK.FILE137.LOAD, moved to $LOADLIB/REPT028
2025-04-04 04:56:38.963471 - Found REPT126.bin (application/octet-stream) in SBGOLOB.FENWICK.FILE137.LOAD, moved to $LOADLIB/REPT126
2025-04-04 04:56:38.963645 - Found REPT127.bin (application/octet-stream) in SBGOLOB.FENWICK.FILE137.LOAD, moved to $LOADLIB/REPT127
2025-04-04 04:56:38.963831 - Found REPT128.bin (application/octet-stream) in SBGOLOB.FENWICK.FILE137.LOAD, moved to $LOADLIB/REPT128
2025-04-04 04:56:38.963947 - Found RPMP001.bin (application/octet-stream) in SBGOLOB.FENWICK.FILE137.LOAD, moved to $LOADLIB/RPMP001
2025-04-04 04:56:38.964059 - Found RPMP002.bin (application/octet-stream) in SBGOLOB.FENWICK.FILE137.LOAD, moved to $LOADLIB/RPMP002
2025-04-04 04:56:38.964168 - Found RPMP003.bin (application/octet-stream) in SBGOLOB.FENWICK.FILE137.LOAD, moved to $LOADLIB/RPMP003
2025-04-04 04:56:38.964901 - Found @FILE137.txt (text/plain) in CBT.V508.FILE137.PDS, moved to PDS/@FILE137
2025-04-04 04:56:38.965045 - Found ASMJCL.jcl (text/plain) in CBT.V508.FILE137.PDS, moved to PDS/ASMJCL
2025-04-04 04:56:38.965176 - Found CICSCOM.jcl (text/plain) in CBT.V508.FILE137.PDS, moved to PDS/CICSCOM
2025-04-04 04:56:38.965350 - Found CICSCSDD.txt (text/plain) in CBT.V508.FILE137.PDS, moved to PDS/CICSCSDD
2025-04-04 04:56:38.966384 - Found CICSRP01.bin (application/octet-stream) in CBT.V508.FILE137.PDS, moved to PDS/CICSRP01
2025-04-04 04:56:38.966515 - Found CICSRP02.bin (application/octet-stream) in CBT.V508.FILE137.PDS, moved to PDS/CICSRP02
2025-04-04 04:56:38.966658 - Found CICSRP03.bin (application/octet-stream) in CBT.V508.FILE137.PDS, moved to PDS/CICSRP03
2025-04-04 04:56:38.966794 - Found COMPJCL.jcl (text/plain) in CBT.V508.FILE137.PDS, moved to PDS/COMPJCL
2025-04-04 04:56:38.966909 - Found COMPMAP.jcl (text/plain) in CBT.V508.FILE137.PDS, moved to PDS/COMPMAP
2025-04-04 04:56:38.967029 - Found HELPLOAD.jcl (text/plain) in CBT.V508.FILE137.PDS, moved to PDS/HELPLOAD
2025-04-04 04:56:38.967158 - Found HELPREPR.bin (application/octet-stream) in CBT.V508.FILE137.PDS, moved to PDS/HELPREPR
2025-04-04 04:56:38.967348 - Found HELPREPS.txt (text/plain) in CBT.V508.FILE137.PDS, moved to PDS/HELPREPS
2025-04-04 04:56:38.967507 - Found HELPREPT.txt (text/plain) in CBT.V508.FILE137.PDS, moved to PDS/HELPREPT
2025-04-04 04:56:38.967618 - Found HELPREPU.txt (text/plain) in CBT.V508.FILE137.PDS, moved to PDS/HELPREPU
2025-04-04 04:56:38.967728 - Found HELPREXX.rexx (text/plain) in CBT.V508.FILE137.PDS, moved to PDS/HELPREXX
2025-04-04 04:56:38.967848 - Found HELPRXJ.bin (application/octet-stream) in CBT.V508.FILE137.PDS, moved to PDS/HELPRXJ
2025-04-04 04:56:38.967960 - Found RENAME.jcl (text/plain) in CBT.V508.FILE137.PDS, moved to PDS/RENAME
2025-04-04 04:56:38.968085 - Found REPROJ2.jcl (text/plain) in CBT.V508.FILE137.PDS, moved to PDS/REPROJ2
2025-04-04 04:56:38.968252 - Found REPROJ3.jcl (text/plain) in CBT.V508.FILE137.PDS, moved to PDS/REPROJ3
2025-04-04 04:56:38.968364 - Found REPTB01.txt (text/plain) in CBT.V508.FILE137.PDS, moved to PDS/REPTB01
2025-04-04 04:56:38.968470 - Found REPTB02.txt (text/plain) in CBT.V508.FILE137.PDS, moved to PDS/REPTB02
2025-04-04 04:56:38.968783 - Found REPTB03.txt (text/plain) in CBT.V508.FILE137.PDS, moved to PDS/REPTB03
2025-04-04 04:56:38.968920 - Found REPTB04.txt (text/plain) in CBT.V508.FILE137.PDS, moved to PDS/REPTB04
2025-04-04 04:56:38.969049 - Found REPTB05.txt (text/plain) in CBT.V508.FILE137.PDS, moved to PDS/REPTB05
2025-04-04 04:56:38.969524 - Found REPTB06.txt (text/plain) in CBT.V508.FILE137.PDS, moved to PDS/REPTB06
2025-04-04 04:56:38.970168 - Found REPTB07.txt (text/plain) in CBT.V508.FILE137.PDS, moved to PDS/REPTB07
2025-04-04 04:56:38.970576 - Found REPTB08.txt (text/plain) in CBT.V508.FILE137.PDS, moved to PDS/REPTB08
2025-04-04 04:56:38.970937 - Found REPTB09.txt (text/plain) in CBT.V508.FILE137.PDS, moved to PDS/REPTB09
2025-04-04 04:56:38.971087 - Found REPTC01.txt (text/plain) in CBT.V508.FILE137.PDS, moved to PDS/REPTC01
2025-04-04 04:56:38.971223 - Found REPTC02.txt (text/plain) in CBT.V508.FILE137.PDS, moved to PDS/REPTC02
2025-04-04 04:56:38.971346 - Found REPTC03.txt (text/plain) in CBT.V508.FILE137.PDS, moved to PDS/REPTC03
2025-04-04 04:56:38.971463 - Found REPTC04.txt (text/plain) in CBT.V508.FILE137.PDS, moved to PDS/REPTC04
2025-04-04 04:56:38.971713 - Found REPTC05.txt (text/plain) in CBT.V508.FILE137.PDS, moved to PDS/REPTC05
2025-04-04 04:56:38.971838 - Found REPTC06.txt (text/plain) in CBT.V508.FILE137.PDS, moved to PDS/REPTC06
2025-04-04 04:56:38.971976 - Found REPTDEFD.jcl (text/plain) in CBT.V508.FILE137.PDS, moved to PDS/REPTDEFD
2025-04-04 04:56:38.972100 - Found REPTDEFH.jcl (text/plain) in CBT.V508.FILE137.PDS, moved to PDS/REPTDEFH
2025-04-04 04:56:38.972242 - Found REPTDEFI.bin (application/octet-stream) in CBT.V508.FILE137.PDS, moved to PDS/REPTDEFI
2025-04-04 04:56:38.972378 - Found REPTDEFT.jcl (text/plain) in CBT.V508.FILE137.PDS, moved to PDS/REPTDEFT
2025-04-04 04:56:38.972501 - Found REPTDEFU.jcl (text/plain) in CBT.V508.FILE137.PDS, moved to PDS/REPTDEFU
2025-04-04 04:56:38.972620 - Found REPTDEFX.jcl (text/plain) in CBT.V508.FILE137.PDS, moved to PDS/REPTDEFX
2025-04-04 04:56:38.972783 - Found REPTS10.txt (text/plain) in CBT.V508.FILE137.PDS, moved to PDS/REPTS10
2025-04-04 04:56:38.972926 - Found REPT015.txt (text/plain) in CBT.V508.FILE137.PDS, moved to PDS/REPT015
2025-04-04 04:56:38.973113 - Found REPT015J.bin (application/octet-stream) in CBT.V508.FILE137.PDS, moved to PDS/REPT015J
2025-04-04 04:56:38.973235 - Found REPT015X.jcl (text/plain) in CBT.V508.FILE137.PDS, moved to PDS/REPT015X
2025-04-04 04:56:38.973377 - Found REPT020.txt (text/plain) in CBT.V508.FILE137.PDS, moved to PDS/REPT020
2025-04-04 04:56:38.973503 - Found REPT020J.jcl (text/plain) in CBT.V508.FILE137.PDS, moved to PDS/REPT020J
2025-04-04 04:56:38.973616 - Found REPT020X.jcl (text/plain) in CBT.V508.FILE137.PDS, moved to PDS/REPT020X
2025-04-04 04:56:38.973744 - Found REPT020Y.jcl (text/plain) in CBT.V508.FILE137.PDS, moved to PDS/REPT020Y
2025-04-04 04:56:38.973907 - Found REPT025.txt (text/plain) in CBT.V508.FILE137.PDS, moved to PDS/REPT025
2025-04-04 04:56:38.974030 - Found REPT025J.jcl (text/plain) in CBT.V508.FILE137.PDS, moved to PDS/REPT025J
2025-04-04 04:56:38.974146 - Found REPT025X.jcl (text/plain) in CBT.V508.FILE137.PDS, moved to PDS/REPT025X
2025-04-04 04:56:38.974272 - Found REPT026.txt (text/plain) in CBT.V508.FILE137.PDS, moved to PDS/REPT026
2025-04-04 04:56:38.974381 - Found REPT026J.jcl (text/plain) in CBT.V508.FILE137.PDS, moved to PDS/REPT026J
2025-04-04 04:56:38.974533 - Found REPT027.txt (text/plain) in CBT.V508.FILE137.PDS, moved to PDS/REPT027
2025-04-04 04:56:38.974668 - Found REPT027J.jcl (text/plain) in CBT.V508.FILE137.PDS, moved to PDS/REPT027J
2025-04-04 04:56:38.974797 - Found REPT028.txt (text/plain) in CBT.V508.FILE137.PDS, moved to PDS/REPT028
2025-04-04 04:56:38.975182 - Found REPT028J.jcl (text/plain) in CBT.V508.FILE137.PDS, moved to PDS/REPT028J
2025-04-04 04:56:38.975336 - Found REPT126.txt (text/plain) in CBT.V508.FILE137.PDS, moved to PDS/REPT126
2025-04-04 04:56:38.975453 - Found REPT126J.jcl (text/plain) in CBT.V508.FILE137.PDS, moved to PDS/REPT126J
2025-04-04 04:56:38.975570 - Found REPT127.txt (text/plain) in CBT.V508.FILE137.PDS, moved to PDS/REPT127
2025-04-04 04:56:38.975701 - Found REPT127J.jcl (text/plain) in CBT.V508.FILE137.PDS, moved to PDS/REPT127J
2025-04-04 04:56:38.975830 - Found REPT128.txt (text/plain) in CBT.V508.FILE137.PDS, moved to PDS/REPT128
2025-04-04 04:56:38.975944 - Found REPT128J.jcl (text/plain) in CBT.V508.FILE137.PDS, moved to PDS/REPT128J
2025-04-04 04:56:38.976073 - Found REXXDLST.rexx (text/plain) in CBT.V508.FILE137.PDS, moved to PDS/REXXDLST
2025-04-04 04:56:38.976191 - Found REXXILST.rexx (text/plain) in CBT.V508.FILE137.PDS, moved to PDS/REXXILST
2025-04-04 04:56:38.976300 - Found REXXJCL.jcl (text/plain) in CBT.V508.FILE137.PDS, moved to PDS/REXXJCL
2025-04-04 04:56:38.976431 - Found REXXJCLL.jcl (text/plain) in CBT.V508.FILE137.PDS, moved to PDS/REXXJCLL
2025-04-04 04:56:38.976549 - Found REXXJCLX.jcl (text/plain) in CBT.V508.FILE137.PDS, moved to PDS/REXXJCLX
2025-04-04 04:56:38.976655 - Found REXXJCL1.jcl (text/plain) in CBT.V508.FILE137.PDS, moved to PDS/REXXJCL1
2025-04-04 04:56:38.976783 - Found REXXTLST.rexx (text/plain) in CBT.V508.FILE137.PDS, moved to PDS/REXXTLST
2025-04-04 04:56:38.976921 - Found RPMP001.txt (text/plain) in CBT.V508.FILE137.PDS, moved to PDS/RPMP001
2025-04-04 04:56:38.977045 - Found RPMP002.txt (text/plain) in CBT.V508.FILE137.PDS, moved to PDS/RPMP002
2025-04-04 04:56:38.977529 - Found RPMP003.txt (text/plain) in CBT.V508.FILE137.PDS, moved to PDS/RPMP003
2025-04-04 04:56:38.977638 - Found USERIDJC.bin (application/octet-stream) in CBT.V508.FILE137.PDS, moved to PDS/USERIDJC
